
  [32m[1mVITE[22m v5.4.21[39m  [2mready in [0m[1m326[22m[2m[0m ms[22m

  [32m➜[39m  [1mLocal[22m:   [36mhttp://127.0.0.1:[1m5173[22m/[39m
[2m9:08:56 a. m.[22m [36m[1m[vite][22m[39m [32mhmr update [39m[2m/src/screens/PedidosDanadosScreen.tsx[22m
[2m9:09:08 a. m.[22m [36m[1m[vite][22m[39m [32mhmr update [39m[2m/src/screens/PedidosDanadosScreen.tsx[22m
[2m9:10:51 a. m.[22m [36m[1m[vite][22m[39m [32mhmr update [39m[2m/src/App.tsx[22m
[2m9:11:01 a. m.[22m [36m[1m[vite][22m[39m [32mhmr update [39m[2m/src/App.tsx[22m
[2m9:14:42 a. m.[22m [36m[1m[vite][22m[39m [32mhmr update [39m[2m/src/screens/ReportesScreen.tsx[22m
[2m9:15:13 a. m.[22m [36m[1m[vite][22m[39m [32mhmr update [39m[2m/src/screens/ReportesScreen.tsx[22m
[2m9:15:25 a. m.[22m [36m[1m[vite][22m[39m [32mhmr update [39m[2m/src/screens/ReportesScreen.tsx[22m
[2m9:15:31 a. m.[22m [36m[1m[vite][22m[39m [32mhmr update [39m[2m/src/screens/ReportesScreen.tsx[22m
[2m9:15:35 a. m.[22m [36m[1m[vite][22m[39m [32mhmr update [39m[2m/src/screens/ReportesScreen.tsx[22m
[2m9:15:41 a. m.[22m [36m[1m[vite][22m[39m [32mhmr update [39m[2m/src/screens/ReportesScreen.tsx[22m
[2m9:16:19 a. m.[22m [36m[1m[vite][22m[39m [32mhmr update [39m[2m/src/screens/ReportesScreen.tsx[22m
[2m9:16:31 a. m.[22m [36m[1m[vite][22m[39m [32mhmr update [39m[2m/src/screens/ReportesScreen.tsx[22m
[2m9:16:43 a. m.[22m [36m[1m[vite][22m[39m [32mhmr update [39m[2m/src/screens/ReportesScreen.tsx[22m
[2m9:17:13 a. m.[22m [36m[1m[vite][22m[39m [32mhmr update [39m[2m/src/screens/ReportesScreen.tsx[22m
[2m9:17:22 a. m.[22m [36m[1m[vite][22m[39m [32mhmr update [39m[2m/src/screens/ReportesScreen.tsx[22m
[2m9:17:42 a. m.[22m [36m[1m[vite][22m[39m [32mhmr update [39m[2m/src/screens/ReportesScreen.tsx[22m
[2m9:22:41 a. m.[22m [36m[1m[vite][22m[39m [32mhmr update [39m[2m/src/screens/ReportesScreen.tsx[22m
[2m9:27:08 a. m.[22m [36m[1m[vite][22m[39m [32mhmr update [39m[2m/src/screens/PedidosDanadosScreen.tsx[22m
[2m9:27:29 a. m.[22m [36m[1m[vite][22m[39m [32mhmr update [39m[2m/src/screens/PedidosDanadosScreen.tsx[22m
[2m9:40:05 a. m.[22m [36m[1m[vite][22m[39m [32mhmr update [39m[2m/src/App.tsx[22m
[2m9:43:06 a. m.[22m [36m[1m[vite][22m[39m [32mhmr update [39m[2m/src/screens/PedidosDanadosScreen.tsx[22m
[2m9:46:07 a. m.[22m [36m[1m[vite][22m[39m [32mhmr update [39m[2m/src/screens/Dashboard.tsx[22m
[2m9:54:08 a. m.[22m [36m[1m[vite][22m[39m [32mhmr update [39m[2m/src/screens/Dashboard.tsx[22m
[2m9:54:13 a. m.[22m [36m[1m[vite][22m[39m [32mhmr update [39m[2m/src/screens/Dashboard.tsx[22m
[2m9:55:35 a. m.[22m [36m[1m[vite][22m[39m [32mhmr update [39m[2m/src/screens/Dashboard.tsx[22m
[2m9:55:41 a. m.[22m [36m[1m[vite][22m[39m [32mhmr update [39m[2m/src/screens/Dashboard.tsx[22m
[2m9:56:01 a. m.[22m [36m[1m[vite][22m[39m [32mhmr update [39m[2m/src/screens/Dashboard.tsx[22m
[2m9:56:56 a. m.[22m [36m[1m[vite][22m[39m [32mhmr update [39m[2m/src/screens/Dashboard.tsx[22m
[2m9:57:25 a. m.[22m [36m[1m[vite][22m[39m [32mhmr update [39m[2m/src/screens/Dashboard.tsx[22m
[2m9:57:35 a. m.[22m [36m[1m[vite][22m[39m [32mhmr update [39m[2m/src/screens/Dashboard.tsx[22m
[2m9:57:45 a. m.[22m [36m[1m[vite][22m[39m [32mhmr update [39m[2m/src/screens/Dashboard.css[22m
[2m9:57:50 a. m.[22m [36m[1m[vite][22m[39m [32mhmr update [39m[2m/src/screens/Dashboard.css[22m
[2m10:08:57 a. m.[22m [36m[1m[vite][22m[39m [32mhmr update [39m[2m/src/App.tsx[22m
[2m10:09:12 a. m.[22m [36m[1m[vite][22m[39m [32mpage reload [39m[2mrelease/win-unpacked/LICENSES.chromium.html[22m
[2m10:09:12 a. m.[22m [36m[1m[vite][22m[39m [32mpage reload [39m[2mrelease/win-unpacked/LICENSES.chromium.html[22m
[2m10:09:13 a. m.[22m [36m[1m[vite][22m[39m [32mpage reload [39m[2mrelease/win-unpacked/LICENSES.chromium.html[22m
[2m10:09:13 a. m.[22m [36m[1m[vite][22m[39m [32mpage reload [39m[2mrelease/win-unpacked/LICENSES.chromium.html[22m
[2m10:09:13 a. m.[22m [36m[1m[vite][22m[39m [32mpage reload [39m[2mrelease/win-unpacked/LICENSES.chromium.html[22m
[2m10:09:13 a. m.[22m [36m[1m[vite][22m[39m [32mpage reload [39m[2mrelease/win-unpacked/LICENSES.chromium.html[22m
[2m10:09:13 a. m.[22m [36m[1m[vite][22m[39m [32mpage reload [39m[2mrelease/win-unpacked/LICENSES.chromium.html[22m
[2m10:09:13 a. m.[22m [36m[1m[vite][22m[39m [32mpage reload [39m[2mrelease/win-unpacked/LICENSES.chromium.html[22m
[2m10:09:14 a. m.[22m [36m[1m[vite][22m[39m [32mpage reload [39m[2mrelease/win-unpacked/LICENSES.chromium.html[22m
[2m10:09:14 a. m.[22m [36m[1m[vite][22m[39m [32mpage reload [39m[2mrelease/win-unpacked/LICENSES.chromium.html[22m
[2m10:09:14 a. m.[22m [36m[1m[vite][22m[39m [32mpage reload [39m[2mrelease/win-unpacked/LICENSES.chromium.html[22m
[2m10:09:14 a. m.[22m [36m[1m[vite][22m[39m [32mpage reload [39m[2mrelease/win-unpacked/LICENSES.chromium.html[22m
[2m10:09:14 a. m.[22m [36m[1m[vite][22m[39m [32mpage reload [39m[2mrelease/win-unpacked/LICENSES.chromium.html[22m
[2m10:09:14 a. m.[22m [36m[1m[vite][22m[39m [32mpage reload [39m[2mrelease/win-unpacked/LICENSES.chromium.html[22m
[2m10:09:14 a. m.[22m [36m[1m[vite][22m[39m [32mpage reload [39m[2mrelease/win-unpacked/LICENSES.chromium.html[22m
[2m10:09:14 a. m.[22m [36m[1m[vite][22m[39m [32mpage reload [39m[2mrelease/win-unpacked/LICENSES.chromium.html[22m
[2m10:09:16 a. m.[22m [36m[1m[vite][22m[39m [32mpage reload [39m[2mrelease/win-unpacked/LICENSES.chromium.html[22m
[2m10:09:16 a. m.[22m [36m[1m[vite][22m[39m [32mpage reload [39m[2mrelease/win-unpacked/LICENSES.chromium.html[22m
[2m10:09:16 a. m.[22m [36m[1m[vite][22m[39m [32mpage reload [39m[2mrelease/win-unpacked/LICENSES.chromium.html[22m
[2m10:09:16 a. m.[22m [36m[1m[vite][22m[39m [32mpage reload [39m[2mrelease/win-unpacked/LICENSES.chromium.html[22m
[2m10:09:16 a. m.[22m [36m[1m[vite][22m[39m [32mpage reload [39m[2mrelease/win-unpacked/LICENSES.chromium.html[22m
[2m10:09:16 a. m.[22m [36m[1m[vite][22m[39m [32mpage reload [39m[2mrelease/win-unpacked/LICENSES.chromium.html[22m
[2m10:09:16 a. m.[22m [36m[1m[vite][22m[39m [32mpage reload [39m[2mrelease/win-unpacked/LICENSES.chromium.html[22m
[2m10:09:16 a. m.[22m [36m[1m[vite][22m[39m [32mpage reload [39m[2mrelease/win-unpacked/LICENSES.chromium.html[22m
[2m10:09:16 a. m.[22m [36m[1m[vite][22m[39m [32mpage reload [39m[2mrelease/win-unpacked/LICENSES.chromium.html[22m
[2m10:09:17 a. m.[22m [36m[1m[vite][22m[39m [32mpage reload [39m[2mrelease/win-unpacked/LICENSES.chromium.html[22m
[2m10:09:17 a. m.[22m [36m[1m[vite][22m[39m [32mpage reload [39m[2mrelease/win-unpacked/LICENSES.chromium.html[22m
[2m10:16:40 a. m.[22m [36m[1m[vite][22m[39m [32mhmr update [39m[2m/src/App.tsx[22m
[2m10:16:52 a. m.[22m [36m[1m[vite][22m[39m [32mhmr update [39m[2m/src/screens/Dashboard.tsx[22m
[2m10:17:01 a. m.[22m [36m[1m[vite][22m[39m [32mhmr update [39m[2m/src/screens/ReportesScreen.tsx[22m
[2m10:17:20 a. m.[22m [36m[1m[vite][22m[39m [32mhmr update [39m[2m/src/screens/ReportesScreen.tsx[22m
[2m10:17:32 a. m.[22m [36m[1m[vite][22m[39m [32mpage reload [39m[2mrelease/win-unpacked/LICENSES.chromium.html[22m
[2m10:17:33 a. m.[22m [36m[1m[vite][22m[39m [32mpage reload [39m[2mrelease/win-unpacked/LICENSES.chromium.html[22m
[2m10:17:33 a. m.[22m [36m[1m[vite][22m[39m [32mpage reload [39m[2mrelease/win-unpacked/LICENSES.chromium.html[22m
[2m10:17:33 a. m.[22m [36m[1m[vite][22m[39m [32mpage reload [39m[2mrelease/win-unpacked/LICENSES.chromium.html[22m
[2m10:17:33 a. m.[22m [36m[1m[vite][22m[39m [32mpage reload [39m[2mrelease/win-unpacked/LICENSES.chromium.html[22m
[2m10:17:34 a. m.[22m [36m[1m[vite][22m[39m [32mpage reload [39m[2mrelease/win-unpacked/LICENSES.chromium.html[22m
[2m10:17:34 a. m.[22m [36m[1m[vite][22m[39m [32mpage reload [39m[2mrelease/win-unpacked/LICENSES.chromium.html[22m
[2m10:17:34 a. m.[22m [36m[1m[vite][22m[39m [32mpage reload [39m[2mrelease/win-unpacked/LICENSES.chromium.html[22m
[2m10:17:34 a. m.[22m [36m[1m[vite][22m[39m [32mpage reload [39m[2mrelease/win-unpacked/LICENSES.chromium.html[22m
[2m10:17:34 a. m.[22m [36m[1m[vite][22m[39m [32mpage reload [39m[2mrelease/win-unpacked/LICENSES.chromium.html[22m
[2m10:17:34 a. m.[22m [36m[1m[vite][22m[39m [32mpage reload [39m[2mrelease/win-unpacked/LICENSES.chromium.html[22m
[2m10:17:34 a. m.[22m [36m[1m[vite][22m[39m [32mpage reload [39m[2mrelease/win-unpacked/LICENSES.chromium.html[22m
[2m10:17:34 a. m.[22m [36m[1m[vite][22m[39m [32mpage reload [39m[2mrelease/win-unpacked/LICENSES.chromium.html[22m
[2m10:17:34 a. m.[22m [36m[1m[vite][22m[39m [32mpage reload [39m[2mrelease/win-unpacked/LICENSES.chromium.html[22m
[2m10:17:36 a. m.[22m [36m[1m[vite][22m[39m [32mpage reload [39m[2mrelease/win-unpacked/LICENSES.chromium.html[22m
[2m10:17:36 a. m.[22m [36m[1m[vite][22m[39m [32mpage reload [39m[2mrelease/win-unpacked/LICENSES.chromium.html[22m
[2m10:17:36 a. m.[22m [36m[1m[vite][22m[39m [32mpage reload [39m[2mrelease/win-unpacked/LICENSES.chromium.html[22m
[2m10:17:36 a. m.[22m [36m[1m[vite][22m[39m [32mpage reload [39m[2mrelease/win-unpacked/LICENSES.chromium.html[22m
[2m10:17:37 a. m.[22m [36m[1m[vite][22m[39m [32mpage reload [39m[2mrelease/win-unpacked/LICENSES.chromium.html[22m
[2m10:17:37 a. m.[22m [36m[1m[vite][22m[39m [32mpage reload [39m[2mrelease/win-unpacked/LICENSES.chromium.html[22m
[2m10:17:37 a. m.[22m [36m[1m[vite][22m[39m [32mpage reload [39m[2mrelease/win-unpacked/LICENSES.chromium.html[22m
[2m10:17:37 a. m.[22m [36m[1m[vite][22m[39m [32mpage reload [39m[2mrelease/win-unpacked/LICENSES.chromium.html[22m
[2m10:17:37 a. m.[22m [36m[1m[vite][22m[39m [32mpage reload [39m[2mrelease/win-unpacked/LICENSES.chromium.html[22m
[2m10:27:37 a. m.[22m [36m[1m[vite][22m[39m [32mhmr update [39m[2m/src/screens/Dashboard.tsx[22m
[2m10:27:59 a. m.[22m [36m[1m[vite][22m[39m [32mhmr update [39m[2m/src/screens/Dashboard.css[22m
[2m10:31:51 a. m.[22m [36m[1m[vite][22m[39m [32mhmr update [39m[2m/src/screens/PedidosDanadosScreen.tsx[22m
[2m10:32:09 a. m.[22m [36m[1m[vite][22m[39m [32mhmr update [39m[2m/src/screens/PedidosDanadosScreen.tsx[22m
[2m10:32:35 a. m.[22m [36m[1m[vite][22m[39m [32mhmr update [39m[2m/src/screens/PedidosDanadosScreen.tsx[22m
[2m10:32:53 a. m.[22m [36m[1m[vite][22m[39m [32mhmr update [39m[2m/src/screens/PedidosDanadosScreen.tsx[22m
[2m10:34:09 a. m.[22m [36m[1m[vite][22m[39m [32mpage reload [39m[2mrelease/win-unpacked/LICENSES.chromium.html[22m
[2m10:34:10 a. m.[22m [36m[1m[vite][22m[39m [32mpage reload [39m[2mrelease/win-unpacked/LICENSES.chromium.html[22m
[2m10:34:10 a. m.[22m [36m[1m[vite][22m[39m [32mpage reload [39m[2mrelease/win-unpacked/LICENSES.chromium.html[22m
[2m10:34:10 a. m.[22m [36m[1m[vite][22m[39m [32mpage reload [39m[2mrelease/win-unpacked/LICENSES.chromium.html[22m
[2m10:34:10 a. m.[22m [36m[1m[vite][22m[39m [32mpage reload [39m[2mrelease/win-unpacked/LICENSES.chromium.html[22m
[2m10:34:10 a. m.[22m [36m[1m[vite][22m[39m [32mpage reload [39m[2mrelease/win-unpacked/LICENSES.chromium.html[22m
[2m10:34:10 a. m.[22m [36m[1m[vite][22m[39m [32mpage reload [39m[2mrelease/win-unpacked/LICENSES.chromium.html[22m
[2m10:34:10 a. m.[22m [36m[1m[vite][22m[39m [32mpage reload [39m[2mrelease/win-unpacked/LICENSES.chromium.html[22m
[2m10:34:11 a. m.[22m [36m[1m[vite][22m[39m [32mpage reload [39m[2mrelease/win-unpacked/LICENSES.chromium.html[22m
[2m10:34:11 a. m.[22m [36m[1m[vite][22m[39m [32mpage reload [39m[2mrelease/win-unpacked/LICENSES.chromium.html[22m
[2m10:34:11 a. m.[22m [36m[1m[vite][22m[39m [32mpage reload [39m[2mrelease/win-unpacked/LICENSES.chromium.html[22m
[2m10:34:11 a. m.[22m [36m[1m[vite][22m[39m [32mpage reload [39m[2mrelease/win-unpacked/LICENSES.chromium.html[22m
[2m10:34:11 a. m.[22m [36m[1m[vite][22m[39m [32mpage reload [39m[2mrelease/win-unpacked/LICENSES.chromium.html[22m
[2m10:34:11 a. m.[22m [36m[1m[vite][22m[39m [32mpage reload [39m[2mrelease/win-unpacked/LICENSES.chromium.html[22m
[2m10:34:13 a. m.[22m [36m[1m[vite][22m[39m [32mpage reload [39m[2mrelease/win-unpacked/LICENSES.chromium.html[22m
[2m10:34:13 a. m.[22m [36m[1m[vite][22m[39m [32mpage reload [39m[2mrelease/win-unpacked/LICENSES.chromium.html[22m
[2m10:34:13 a. m.[22m [36m[1m[vite][22m[39m [32mpage reload [39m[2mrelease/win-unpacked/LICENSES.chromium.html[22m
[2m10:34:13 a. m.[22m [36m[1m[vite][22m[39m [32mpage reload [39m[2mrelease/win-unpacked/LICENSES.chromium.html[22m
[2m10:34:13 a. m.[22m [36m[1m[vite][22m[39m [32mpage reload [39m[2mrelease/win-unpacked/LICENSES.chromium.html[22m
[2m10:34:13 a. m.[22m [36m[1m[vite][22m[39m [32mpage reload [39m[2mrelease/win-unpacked/LICENSES.chromium.html[22m
[2m10:34:13 a. m.[22m [36m[1m[vite][22m[39m [32mpage reload [39m[2mrelease/win-unpacked/LICENSES.chromium.html[22m
[2m10:34:13 a. m.[22m [36m[1m[vite][22m[39m [32mpage reload [39m[2mrelease/win-unpacked/LICENSES.chromium.html[22m
[2m10:34:13 a. m.[22m [36m[1m[vite][22m[39m [32mpage reload [39m[2mrelease/win-unpacked/LICENSES.chromium.html[22m
[2m10:34:14 a. m.[22m [36m[1m[vite][22m[39m [32mpage reload [39m[2mrelease/win-unpacked/LICENSES.chromium.html[22m
[2m10:34:14 a. m.[22m [36m[1m[vite][22m[39m [32mpage reload [39m[2mrelease/win-unpacked/LICENSES.chromium.html[22m
[2m10:34:14 a. m.[22m [36m[1m[vite][22m[39m [32mpage reload [39m[2mrelease/win-unpacked/LICENSES.chromium.html[22m
[2m10:34:14 a. m.[22m [36m[1m[vite][22m[39m [32mpage reload [39m[2mrelease/win-unpacked/LICENSES.chromium.html[22m
[2m10:34:14 a. m.[22m [36m[1m[vite][22m[39m [32mpage reload [39m[2mrelease/win-unpacked/LICENSES.chromium.html[22m
[2m10:34:14 a. m.[22m [36m[1m[vite][22m[39m [32mpage reload [39m[2mrelease/win-unpacked/LICENSES.chromium.html[22m
[2m11:02:48 a. m.[22m [36m[1m[vite][22m[39m [32mhmr update [39m[2m/src/App.tsx[22m
[2m11:03:11 a. m.[22m [36m[1m[vite][22m[39m [32mpage reload [39m[2mrelease/win-unpacked/LICENSES.chromium.html[22m
[2m11:03:12 a. m.[22m [36m[1m[vite][22m[39m [32mpage reload [39m[2mrelease/win-unpacked/LICENSES.chromium.html[22m
[2m11:03:12 a. m.[22m [36m[1m[vite][22m[39m [32mpage reload [39m[2mrelease/win-unpacked/LICENSES.chromium.html[22m
[2m11:03:12 a. m.[22m [36m[1m[vite][22m[39m [32mpage reload [39m[2mrelease/win-unpacked/LICENSES.chromium.html[22m
[2m11:03:13 a. m.[22m [36m[1m[vite][22m[39m [32mpage reload [39m[2mrelease/win-unpacked/LICENSES.chromium.html[22m
[2m11:03:13 a. m.[22m [36m[1m[vite][22m[39m [32mpage reload [39m[2mrelease/win-unpacked/LICENSES.chromium.html[22m
[2m11:03:13 a. m.[22m [36m[1m[vite][22m[39m [32mpage reload [39m[2mrelease/win-unpacked/LICENSES.chromium.html[22m
[2m11:03:13 a. m.[22m [36m[1m[vite][22m[39m [32mpage reload [39m[2mrelease/win-unpacked/LICENSES.chromium.html[22m
[2m11:03:13 a. m.[22m [36m[1m[vite][22m[39m [32mpage reload [39m[2mrelease/win-unpacked/LICENSES.chromium.html[22m
[2m11:03:14 a. m.[22m [36m[1m[vite][22m[39m [32mpage reload [39m[2mrelease/win-unpacked/LICENSES.chromium.html[22m
[2m11:03:14 a. m.[22m [36m[1m[vite][22m[39m [32mpage reload [39m[2mrelease/win-unpacked/LICENSES.chromium.html[22m
[2m11:03:14 a. m.[22m [36m[1m[vite][22m[39m [32mpage reload [39m[2mrelease/win-unpacked/LICENSES.chromium.html[22m
[2m11:03:14 a. m.[22m [36m[1m[vite][22m[39m [32mpage reload [39m[2mrelease/win-unpacked/LICENSES.chromium.html[22m
[2m11:03:15 a. m.[22m [36m[1m[vite][22m[39m [32mpage reload [39m[2mrelease/win-unpacked/LICENSES.chromium.html[22m
[2m11:03:15 a. m.[22m [36m[1m[vite][22m[39m [32mpage reload [39m[2mrelease/win-unpacked/LICENSES.chromium.html[22m
[2m11:03:15 a. m.[22m [36m[1m[vite][22m[39m [32mpage reload [39m[2mrelease/win-unpacked/LICENSES.chromium.html[22m
[2m11:03:15 a. m.[22m [36m[1m[vite][22m[39m [32mpage reload [39m[2mrelease/win-unpacked/LICENSES.chromium.html[22m
[2m11:03:16 a. m.[22m [36m[1m[vite][22m[39m [32mpage reload [39m[2mrelease/win-unpacked/LICENSES.chromium.html[22m
[2m11:03:16 a. m.[22m [36m[1m[vite][22m[39m [32mpage reload [39m[2mrelease/win-unpacked/LICENSES.chromium.html[22m
[2m11:03:16 a. m.[22m [36m[1m[vite][22m[39m [32mpage reload [39m[2mrelease/win-unpacked/LICENSES.chromium.html[22m
[2m11:03:16 a. m.[22m [36m[1m[vite][22m[39m [32mpage reload [39m[2mrelease/win-unpacked/LICENSES.chromium.html[22m
[2m11:03:16 a. m.[22m [36m[1m[vite][22m[39m [32mpage reload [39m[2mrelease/win-unpacked/LICENSES.chromium.html[22m
[2m11:03:16 a. m.[22m [36m[1m[vite][22m[39m [32mpage reload [39m[2mrelease/win-unpacked/LICENSES.chromium.html[22m
[2m11:13:49 a. m.[22m [36m[1m[vite][22m[39m [32mhmr update [39m[2m/src/screens/Dashboard.tsx[22m
[2m11:13:55 a. m.[22m [36m[1m[vite][22m[39m [32mhmr update [39m[2m/src/screens/Dashboard.css[22m
[2m11:14:58 a. m.[22m [36m[1m[vite][22m[39m [32mhmr update [39m[2m/src/screens/Dashboard.css[22m
[2m11:16:08 a. m.[22m [36m[1m[vite][22m[39m [32mhmr update [39m[2m/src/screens/Dashboard.tsx[22m
[2m11:16:17 a. m.[22m [36m[1m[vite][22m[39m [32mhmr update [39m[2m/src/screens/Dashboard.css[22m
[2m11:17:34 a. m.[22m [36m[1m[vite][22m[39m [32mhmr update [39m[2m/src/screens/Dashboard.css[22m
[2m11:18:48 a. m.[22m [36m[1m[vite][22m[39m [32mhmr update [39m[2m/src/screens/Dashboard.css[22m
[2m11:20:12 a. m.[22m [36m[1m[vite][22m[39m [32mhmr update [39m[2m/src/screens/Dashboard.tsx[22m
[2m11:20:18 a. m.[22m [36m[1m[vite][22m[39m [32mhmr update [39m[2m/src/screens/Dashboard.css[22m
[2m11:21:26 a. m.[22m [36m[1m[vite][22m[39m [32mhmr update [39m[2m/src/screens/Dashboard.tsx[22m
[2m11:21:33 a. m.[22m [36m[1m[vite][22m[39m [32mhmr update [39m[2m/src/screens/Dashboard.css[22m
[2m11:21:36 a. m.[22m [36m[1m[vite][22m[39m [32mhmr update [39m[2m/src/screens/Dashboard.tsx[22m
[2m11:37:09 a. m.[22m [36m[1m[vite][22m[39m [32mhmr update [39m[2m/src/screens/Dashboard.css[22m
[2m11:37:23 a. m.[22m [36m[1m[vite][22m[39m [32mhmr update [39m[2m/src/screens/Dashboard.css[22m
[2m11:37:40 a. m.[22m [36m[1m[vite][22m[39m [32mhmr update [39m[2m/src/screens/Dashboard.css[22m
[2m11:37:59 a. m.[22m [36m[1m[vite][22m[39m [32mhmr update [39m[2m/src/screens/Dashboard.css[22m
[2m11:46:27 a. m.[22m [36m[1m[vite][22m[39m [32mhmr update [39m[2m/src/screens/Dashboard.css[22m
[2m11:47:13 a. m.[22m [36m[1m[vite][22m[39m [32mhmr update [39m[2m/src/App.tsx[22m
[2m11:47:26 a. m.[22m [36m[1m[vite][22m[39m [32mpage reload [39m[2mrelease/win-unpacked/LICENSES.chromium.html[22m
[2m11:47:26 a. m.[22m [36m[1m[vite][22m[39m [32mpage reload [39m[2mrelease/win-unpacked/LICENSES.chromium.html[22m
[2m11:47:26 a. m.[22m [36m[1m[vite][22m[39m [32mpage reload [39m[2mrelease/win-unpacked/LICENSES.chromium.html[22m
[2m11:47:26 a. m.[22m [36m[1m[vite][22m[39m [32mpage reload [39m[2mrelease/win-unpacked/LICENSES.chromium.html[22m
[2m11:47:26 a. m.[22m [36m[1m[vite][22m[39m [32mpage reload [39m[2mrelease/win-unpacked/LICENSES.chromium.html[22m
[2m11:47:26 a. m.[22m [36m[1m[vite][22m[39m [32mpage reload [39m[2mrelease/win-unpacked/LICENSES.chromium.html[22m
[2m11:47:27 a. m.[22m [36m[1m[vite][22m[39m [32mpage reload [39m[2mrelease/win-unpacked/LICENSES.chromium.html[22m
[2m11:47:27 a. m.[22m [36m[1m[vite][22m[39m [32mpage reload [39m[2mrelease/win-unpacked/LICENSES.chromium.html[22m
[2m11:47:27 a. m.[22m [36m[1m[vite][22m[39m [32mpage reload [39m[2mrelease/win-unpacked/LICENSES.chromium.html[22m
[2m11:47:27 a. m.[22m [36m[1m[vite][22m[39m [32mpage reload [39m[2mrelease/win-unpacked/LICENSES.chromium.html[22m
[2m11:47:27 a. m.[22m [36m[1m[vite][22m[39m [32mpage reload [39m[2mrelease/win-unpacked/LICENSES.chromium.html[22m
[2m11:47:27 a. m.[22m [36m[1m[vite][22m[39m [32mpage reload [39m[2mrelease/win-unpacked/LICENSES.chromium.html[22m
[2m11:47:27 a. m.[22m [36m[1m[vite][22m[39m [32mpage reload [39m[2mrelease/win-unpacked/LICENSES.chromium.html[22m
[2m11:47:27 a. m.[22m [36m[1m[vite][22m[39m [32mpage reload [39m[2mrelease/win-unpacked/LICENSES.chromium.html[22m
[2m11:47:27 a. m.[22m [36m[1m[vite][22m[39m [32mpage reload [39m[2mrelease/win-unpacked/LICENSES.chromium.html[22m
[2m11:47:28 a. m.[22m [36m[1m[vite][22m[39m [32mpage reload [39m[2mrelease/win-unpacked/LICENSES.chromium.html[22m
[2m11:47:29 a. m.[22m [36m[1m[vite][22m[39m [32mpage reload [39m[2mrelease/win-unpacked/LICENSES.chromium.html[22m
[2m11:47:29 a. m.[22m [36m[1m[vite][22m[39m [32mpage reload [39m[2mrelease/win-unpacked/LICENSES.chromium.html[22m
[2m11:47:29 a. m.[22m [36m[1m[vite][22m[39m [32mpage reload [39m[2mrelease/win-unpacked/LICENSES.chromium.html[22m
[2m11:47:29 a. m.[22m [36m[1m[vite][22m[39m [32mpage reload [39m[2mrelease/win-unpacked/LICENSES.chromium.html[22m
[2m11:47:29 a. m.[22m [36m[1m[vite][22m[39m [32mpage reload [39m[2mrelease/win-unpacked/LICENSES.chromium.html[22m
[2m11:47:29 a. m.[22m [36m[1m[vite][22m[39m [32mpage reload [39m[2mrelease/win-unpacked/LICENSES.chromium.html[22m
[2m11:47:29 a. m.[22m [36m[1m[vite][22m[39m [32mpage reload [39m[2mrelease/win-unpacked/LICENSES.chromium.html[22m
[2m11:47:29 a. m.[22m [36m[1m[vite][22m[39m [32mpage reload [39m[2mrelease/win-unpacked/LICENSES.chromium.html[22m
[2m11:47:29 a. m.[22m [36m[1m[vite][22m[39m [32mpage reload [39m[2mrelease/win-unpacked/LICENSES.chromium.html[22m
[2m11:47:29 a. m.[22m [36m[1m[vite][22m[39m [32mpage reload [39m[2mrelease/win-unpacked/LICENSES.chromium.html[22m
[2m11:47:30 a. m.[22m [36m[1m[vite][22m[39m [32mpage reload [39m[2mrelease/win-unpacked/LICENSES.chromium.html[22m
[2m11:47:30 a. m.[22m [36m[1m[vite][22m[39m [32mpage reload [39m[2mrelease/win-unpacked/LICENSES.chromium.html[22m
[2m11:47:30 a. m.[22m [36m[1m[vite][22m[39m [32mpage reload [39m[2mrelease/win-unpacked/LICENSES.chromium.html[22m
[2m11:47:30 a. m.[22m [36m[1m[vite][22m[39m [32mpage reload [39m[2mrelease/win-unpacked/LICENSES.chromium.html[22m
